{
  "current_fail_per_sec": 1.0,
  "current_response_time_percentiles": {
    "response_time_percentile_0.5": 4100,
    "response_time_percentile_0.95": 20000
  },
  "current_rps": 1.0,
  "errors": [
    {
      "error": "RemoteDisconnected('Remote end closed connection without response')",
      "first_seen": 1790335889.008293,
      "last_seen": 1790335889.0084617,
      "method": "GET",
      "name": "/",
      "occurrences": 2
    },
    {
      "error": "ConnectionResetError(104, 'Connection reset by peer')",
      "first_seen": 1790335889.0085814,
      "last_seen": 1790335930.3113334,
      "method": "GET",
      "name": "/",
      "occurrences": 62
    },
    {
      "error": "ConnectionRefusedError(111, 'Connection refused')",
      "first_seen": 1790335889.0232806,
      "last_seen": 1790335958.7805285,
      "method": "GET",
      "name": "/",
      "occurrences": 199
    }
  ],
  "fail_ratio": 0.034820601085661325,
  "state": "running",
  "stats": [
    {
      "avg_content_length": 64.6670197272607,
      "avg_response_time": 2130.7011285093286,
      "current_fail_per_sec": 1.0,
      "current_rps": 1.0,
      "max_response_time": 19826.0,
      "median_response_time": 1,
      "method": "GET",
      "min_response_time": 1.0,
      "name": "/",
      "num_failures": 263,
      "num_requests": 7553,
      "response_time_percentile_0.95": 20000,
      "response_time_percentile_0.99": 20000,
      "total_fail_per_sec": 3.6950527501594856,
      "total_rps": 106.11685711769807
    },
    {
      "avg_content_length": 64.6670197272607,
      "avg_response_time": 2130.7011285093286,
      "current_fail_per_sec": 1.0,
      "current_rps": 1.0,
      "max_response_time": 19826.0,
      "median_response_time": 1,
      "method": "",
      "min_response_time": 1.0,
      "name": "Aggregated",
      "num_failures": 263,
      "num_requests": 7553,
      "response_time_percentile_0.95": 20000,
      "response_time_percentile_0.99": 20000,
      "total_fail_per_sec": 3.6950527501594856,
      "total_rps": 106.11685711769807
    }
  ],
  "total_fail_per_sec": 3.6950527501594856,
  "total_rps": 106.11685711769807,
  "user_count": 1000
}
